C51 COMPILER V9.56.0.0   OLED                                                              07/02/2017 23:34:44 PAGE 1   


C51 COMPILER V9.56.0.0, COMPILATION OF MODULE OLED
OBJECT MODULE PLACED IN .\Objects\oled.obj
COMPILER INVOKED BY: E:\Keil_v5\C51\BIN\C51.EXE Source\oled.c OPTIMIZE(9,SPEED) BROWSE INCDIR(.\Include;E:\Keil_v5\C51\I
                    -NC\STC) DEBUG OBJECTEXTEND PRINT(.\Listings\oled.lst) TABS(2) OBJECT(.\Objects\oled.obj)

line level    source

   1          #include <stc15.h>
   2          #include "oled.h"
   3          #include "oledfont.h"
   4          //OLED的显存
   5          //存放格式如下.
   6          //[0]0 1 2 3 ... 127  
   7          //[1]0 1 2 3 ... 127  
   8          //[2]0 1 2 3 ... 127  
   9          //[3]0 1 2 3 ... 127  
  10          //[4]0 1 2 3 ... 127  
  11          //[5]0 1 2 3 ... 127  
  12          //[6]0 1 2 3 ... 127  
  13          //[7]0 1 2 3 ... 127         
  14          void delay_ms(unsigned int xms)
  15          {                         
  16   1        unsigned int i,j;
  17   1        for(i=0;i<xms+3;i++)
  18   1          for(j=0;j<102;j++);
  19   1      }
  20          #if OLED_MODE==1
              //向SSD1106写入一个字节。
              //dat:要写入的数据/命令
              //cmd:数据/命令标志 0,表示命令;1,表示数据;
              void OLED_WR_Byte(u8 dat,u8 cmd)
              {
                DATAOUT(dat);     
                if(cmd)
                  OLED_DC_Set();
                else 
                  OLED_DC_Clr();       
                OLED_CS_Clr();
                OLED_WR_Clr();   
                OLED_WR_Set();
                OLED_CS_Set();    
                OLED_DC_Set();   
              }             
              #else
  38          //向SSD1306写入一个字节。
  39          //dat:要写入的数据/命令
  40          //cmd:数据/命令标志 0,表示命令;1,表示数据;
  41          void OLED_WR_Byte(u8 dat,u8 cmd)
  42          { 
  43   1        u8 i;       
  44   1        if(cmd)
  45   1          OLED_DC_Set();
  46   1        else 
  47   1          OLED_DC_Clr();      
  48   1        OLED_CS_Clr();
  49   1        for(i=0;i<8;i++)
  50   1        {       
  51   2          OLED_SCLK_Clr();
  52   2          if(dat&0x80)
  53   2            {
  54   3             OLED_SDIN_Set();
C51 COMPILER V9.56.0.0   OLED                                                              07/02/2017 23:34:44 PAGE 2   

  55   3            }
  56   2          else
  57   2             OLED_SDIN_Clr();
  58   2          OLED_SCLK_Set();
  59   2          dat<<=1;   
  60   2        }             
  61   1        OLED_CS_Set();
  62   1        OLED_DC_Set();      
  63   1      } 
  64          #endif
  65          void OLED_Set_Pos(unsigned char x, unsigned char y) 
  66          { 
  67   1        OLED_WR_Byte(0xb0+y,OLED_CMD);
  68   1        OLED_WR_Byte(((x&0xf0)>>4)|0x10,OLED_CMD);
  69   1        OLED_WR_Byte((x&0x0f)|0x01,OLED_CMD); 
  70   1      }       
  71          ////开启OLED显示    
  72          //void OLED_Display_On(void)
  73          //{
  74          //  OLED_WR_Byte(0X8D,OLED_CMD);  //SET DCDC命令
  75          //  OLED_WR_Byte(0X14,OLED_CMD);  //DCDC ON
  76          //  OLED_WR_Byte(0XAF,OLED_CMD);  //DISPLAY ON
  77          //}
  78          ////关闭OLED显示     
  79          //void OLED_Display_Off(void)
  80          //{
  81          //  OLED_WR_Byte(0X8D,OLED_CMD);  //SET DCDC命令
  82          //  OLED_WR_Byte(0X10,OLED_CMD);  //DCDC OFF
  83          //  OLED_WR_Byte(0XAE,OLED_CMD);  //DISPLAY OFF
  84          //}            
  85          //清屏函数,清完屏,整个屏幕是黑色的!和没点亮一样!!!    
  86          void OLED_Clear(void)  
  87          {  
  88   1        u8 i,n;       
  89   1        for(i=0;i<8;i++)  
  90   1        {  
  91   2          OLED_WR_Byte (0xb0+i,OLED_CMD);    //设置页地址（0~7）
  92   2          OLED_WR_Byte (0x00,OLED_CMD);      //设置显示位置—列低地址
  93   2          OLED_WR_Byte (0x10,OLED_CMD);      //设置显示位置—列高地址   
  94   2          for(n=0;n<128;n++)OLED_WR_Byte(0,OLED_DATA); 
  95   2        } //更新显示
  96   1      }
  97          
  98          //在指定位置显示一个字符,包括部分字符
  99          //x:0~127
 100          //y:0~63
 101          //mode:0,反白显示;1,正常显示         
 102          //size:选择字体 16/12 
 103          void OLED_ShowChar(u8 x,u8 y,u8 chr)
 104          {       
 105   1        unsigned char c=0,i=0;  
 106   1          c=chr-' ';//得到偏移后的值      
 107   1          if(x>Max_Column-1){x=0;y=y+2;}
 108   1          if(SIZE == 16)
 109   1            {
 110   2            OLED_Set_Pos(x,y);  
 111   2            for(i=0;i<8;i++)
 112   2            OLED_WR_Byte(F8X16[c*16+i],OLED_DATA);
 113   2            OLED_Set_Pos(x,y+1);
 114   2            for(i=0;i<8;i++)
 115   2            OLED_WR_Byte(F8X16[c*16+i+8],OLED_DATA);
 116   2            }
C51 COMPILER V9.56.0.0   OLED                                                              07/02/2017 23:34:44 PAGE 3   

 117   1      //    else {  
 118   1      //        OLED_Set_Pos(x,y+1);
 119   1      //        for(i=0;i<6;i++)
 120   1      //        OLED_WR_Byte(F6x8[c][i],OLED_DATA);
 121   1      //    }
 122   1      }
 123          //m^n函数
 124          u32 oled_pow(u8 m,u8 n)
 125          {
 126   1        u32 result=1;  
 127   1        while(n--)result*=m;    
 128   1        return result;
 129   1      }         
 130          //显示2个数字
 131          //x,y :起点坐标  
 132          //len :数字的位数
 133          //size:字体大小
 134          //mode:模式 0,填充模式;1,叠加模式
 135          //num:数值(0~4294967295);       
 136          void OLED_ShowNum(u8 x,u8 y,u32 num,u8 len,u8 size2)
 137          {           
 138   1        u8 t,temp;
 139   1        u8 enshow=0;               
 140   1        for(t=0;t<len;t++)
 141   1        {
 142   2          temp=(num/oled_pow(10,len-t-1))%10;
 143   2          if(enshow==0&&t<(len-1))
 144   2          {
 145   3            if(temp==0)
 146   3            {
 147   4              OLED_ShowChar(x+(size2/2)*t,y,' ');
 148   4              continue;
 149   4            }else enshow=1; 
 150   3             
 151   3          }
 152   2          OLED_ShowChar(x+(size2/2)*t,y,temp+'0'); 
 153   2        }
 154   1      } 
 155          //显示一个字符号串
 156          //void OLED_ShowString(u8 x,u8 y,u8 *chr)
 157          //{
 158          //  unsigned char j=0;
 159          //  while (chr[j]!='\0')
 160          //  {   OLED_ShowChar(x,y,chr[j]);
 161          //      x+=8;
 162          //    if(x>120){x=0;y+=2;}
 163          //      j++;
 164          //  }
 165          //}
 166          //显示汉字
 167          void OLED_ShowChinese(u8 x,u8 y,u8 no)
 168          {               
 169   1        u8 t,adder=0;
 170   1        OLED_Set_Pos(x,y);  
 171   1          for(t=0;t<16;t++)
 172   1          {
 173   2              OLED_WR_Byte(Hzk[2*no][t],OLED_DATA);
 174   2              adder+=1;
 175   2           }  
 176   1          OLED_Set_Pos(x,y+1);  
 177   1          for(t=0;t<16;t++)
 178   1            { 
C51 COMPILER V9.56.0.0   OLED                                                              07/02/2017 23:34:44 PAGE 4   

 179   2              OLED_WR_Byte(Hzk[2*no+1][t],OLED_DATA);
 180   2              adder+=1;
 181   2            }         
 182   1      }
 183          /***********功能描述：显示显示BMP图片128×64起始点坐标(x,y),x的范围0～127，y为页的范围0～7****************
             -*/
 184          //void OLED_DrawBMP(unsigned char x0, unsigned char y0,unsigned char x1, unsigned char y1,unsigned char BM
             -P[])
 185          //{   
 186          // unsigned int j=0;
 187          // unsigned char x,y;
 188          //  
 189          //  if(y1%8==0) y=y1/8;      
 190          //  else y=y1/8+1;
 191          //  for(y=y0;y<y1;y++)
 192          //  {
 193          //    OLED_Set_Pos(x0,y);
 194          //    for(x=x0;x<x1;x++)
 195          //      {      
 196          //        OLED_WR_Byte(BMP[j++],OLED_DATA);       
 197          //      }
 198          //  }
 199          //} 
 200          
 201          
 202          //初始化SSD1306             
 203          void OLED_Init(void)
 204          {
 205   1          OLED_RST_Set();
 206   1        delay_ms(100);
 207   1        OLED_RST_Clr();
 208   1        delay_ms(100);
 209   1        OLED_RST_Set(); 
 210   1      
 211   1        OLED_WR_Byte(0xAE,OLED_CMD);//--turn off oled panel
 212   1        OLED_WR_Byte(0x00,OLED_CMD);//---set low column address
 213   1        OLED_WR_Byte(0x10,OLED_CMD);//---set high column address
 214   1        OLED_WR_Byte(0x40,OLED_CMD);//--set start line address  Set Mapping RAM Display Start Line (0x00~0x3F)
 215   1        OLED_WR_Byte(0x81,OLED_CMD);//--set contrast control register
 216   1        OLED_WR_Byte(0xCF,OLED_CMD); // Set SEG Output Current Brightness
 217   1        OLED_WR_Byte(0xA1,OLED_CMD);//--Set SEG/Column Mapping     0xa0左右反置 0xa1正常
 218   1        OLED_WR_Byte(0xC8,OLED_CMD);//Set COM/Row Scan Direction   0xc0上下反置 0xc8正常
 219   1        OLED_WR_Byte(0xA6,OLED_CMD);//--set normal display
 220   1        OLED_WR_Byte(0xA8,OLED_CMD);//--set multiplex ratio(1 to 64)
 221   1        OLED_WR_Byte(0x3f,OLED_CMD);//--1/64 duty
 222   1        OLED_WR_Byte(0xD3,OLED_CMD);//-set display offset Shift Mapping RAM Counter (0x00~0x3F)
 223   1        OLED_WR_Byte(0x00,OLED_CMD);//-not offset
 224   1        OLED_WR_Byte(0xd5,OLED_CMD);//--set display clock divide ratio/oscillator frequency
 225   1        OLED_WR_Byte(0x80,OLED_CMD);//--set divide ratio, Set Clock as 100 Frames/Sec
 226   1        OLED_WR_Byte(0xD9,OLED_CMD);//--set pre-charge period
 227   1        OLED_WR_Byte(0xF1,OLED_CMD);//Set Pre-Charge as 15 Clocks & Discharge as 1 Clock
 228   1        OLED_WR_Byte(0xDA,OLED_CMD);//--set com pins hardware configuration
 229   1        OLED_WR_Byte(0x12,OLED_CMD);
 230   1        OLED_WR_Byte(0xDB,OLED_CMD);//--set vcomh
 231   1        OLED_WR_Byte(0x40,OLED_CMD);//Set VCOM Deselect Level
 232   1        OLED_WR_Byte(0x20,OLED_CMD);//-Set Page Addressing Mode (0x00/0x01/0x02)
 233   1        OLED_WR_Byte(0x02,OLED_CMD);//
 234   1        OLED_WR_Byte(0x8D,OLED_CMD);//--set Charge Pump enable/disable
 235   1        OLED_WR_Byte(0x14,OLED_CMD);//--set(0x10) disable
 236   1        OLED_WR_Byte(0xA4,OLED_CMD);// Disable Entire Display On (0xa4/0xa5)
 237   1        OLED_WR_Byte(0xA6,OLED_CMD);// Disable Inverse Display On (0xa6/a7) 
 238   1        OLED_WR_Byte(0xAF,OLED_CMD);//--turn on oled panel
C51 COMPILER V9.56.0.0   OLED                                                              07/02/2017 23:34:44 PAGE 5   

 239   1        
 240   1        OLED_WR_Byte(0xAF,OLED_CMD); /*display ON*/ 
 241   1        OLED_Clear();
 242   1        OLED_Set_Pos(0,0);  
 243   1      }  
 244          


MODULE INFORMATION:   STATIC OVERLAYABLE
   CODE SIZE        =    626    ----
   CONSTANT SIZE    =   7192    ----
   XDATA SIZE       =   ----    ----
   PDATA SIZE       =   ----    ----
   DATA SIZE        =   ----      11
   IDATA SIZE       =   ----    ----
   BIT SIZE         =   ----    ----
END OF MODULE INFORMATION.


C51 COMPILATION COMPLETE.  0 WARNING(S),  0 ERROR(S)
